
158 distinct pair(s) across 3 file(s).
62 key collision(s) auto-suffixed — review these:
  sait.x.g_ha_prave_a_is_auspicious -> sait.x.g_ha_prave_a_is_auspicious_2  (sait-rules-content:129)
  sait.x.these_dates_are_computed_by_our -> sait.x.these_dates_are_computed_by_our_2  (sait-rules-content:184)
  sait.x.muh_rta_chint_ma_i_6 -> sait.x.muh_rta_chint_ma_i_6_2  (sait-rules-content:234)
  sait.x.muh_rta_chint_ma_i_1 -> sait.x.muh_rta_chint_ma_i_1_2  (sait-rules-content:245)
  sait.x.muh_rta_chint_ma_i_1 -> sait.x.muh_rta_chint_ma_i_1_3  (sait-rules-content:253)
  sait.x.muh_rta_chint_ma_i_6 -> sait.x.muh_rta_chint_ma_i_6_3  (sait-rules-content:275)
  sait.x.muh_rta_chint_ma_i_1 -> sait.x.muh_rta_chint_ma_i_1_4  (sait-rules-content:308)
  sait.x.these_dates_are_computed_by_our -> sait.x.these_dates_are_computed_by_our_3  (sait-rules-content:322)
  sait.x.muh_rta_chint_ma_i_5 -> sait.x.muh_rta_chint_ma_i_5_2  (sait-rules-content:341)
  sait.x.muh_rta_chint_ma_i_5 -> sait.x.muh_rta_chint_ma_i_5_3  (sait-rules-content:352)
  sait.x.muh_rta_chint_ma_i_5 -> sait.x.muh_rta_chint_ma_i_5_4  (sait-rules-content:363)
  sait.x.muh_rta_chint_ma_i_5 -> sait.x.muh_rta_chint_ma_i_5_5  (sait-rules-content:385)
  sait.x.muh_rta_chint_ma_i_1 -> sait.x.muh_rta_chint_ma_i_1_5  (sait-rules-content:418)
  sait.x.muh_rta_chint_ma_i_1 -> sait.x.muh_rta_chint_ma_i_1_6  (sait-rules-content:429)
  sait.x.muh_rta_chint_ma_i_12 -> sait.x.muh_rta_chint_ma_i_12_2  (sait-rules-content:510)
  sait.x.muh_rta_chint_ma_i_v -> sait.x.muh_rta_chint_ma_i_v_2  (sait-rules-content:524)
  sait.x.b_hat_sa_hit_1_4 -> sait.x.b_hat_sa_hit_1_4_2  (sait-rules-content:538)
  sait.x.per_pit_maha_brahm_tuesday_is -> sait.x.per_pit_maha_brahm_tuesday_is_2  (sait-rules-content:540)
  sait.x.when_jupiter_or_venus_is_combust -> sait.x.when_jupiter_or_venus_is_combust_2  (sait-rules-content:551)
  sait.x.muh_rta_chint_ma_i_1 -> sait.x.muh_rta_chint_ma_i_1_7  (sait-rules-content:560)
  sait.x.this_verse_lists_several_defects_to -> sait.x.this_verse_lists_several_defects_to_2  (sait-rules-content:563)
  sait.x.muh_rta_chint_ma_i_1 -> sait.x.muh_rta_chint_ma_i_1_8  (sait-rules-content:572)
  sait.x.muh_rta_chint_ma_i_12 -> sait.x.muh_rta_chint_ma_i_12_3  (sait-rules-content:584)
  sait.x.muh_rta_chint_ma_i_12 -> sait.x.muh_rta_chint_ma_i_12_4  (sait-rules-content:596)
  sait.x.muh_rta_chint_ma_i_eclipse -> sait.x.muh_rta_chint_ma_i_eclipse_2  (sait-rules-content:607)
  sait.x.dharma_sindhu_1_malm_se_varjy -> sait.x.dharma_sindhu_1_malm_se_varjy_2  (sait-rules-content:620)
  sait.x.muh_rta_chint_ma_i_12 -> sait.x.muh_rta_chint_ma_i_12_5  (sait-rules-content:648)
  sait.x.muh_rta_chint_ma_i_13 -> sait.x.muh_rta_chint_ma_i_13_2  (sait-rules-content:655)
  sait.x.muh_rta_chint_ma_i_13 -> sait.x.muh_rta_chint_ma_i_13_3  (sait-rules-content:662)
  sait.x.muh_rta_chint_ma_i_1 -> sait.x.muh_rta_chint_ma_i_1_9  (sait-rules-content:669)
  sait.x.when_jupiter_or_venus_is_combust -> sait.x.when_jupiter_or_venus_is_combust_3  (sait-rules-content:678)
  sait.x.muh_rta_chint_ma_i_12 -> sait.x.muh_rta_chint_ma_i_12_6  (sait-rules-content:686)
  sait.x.muh_rta_chint_ma_i_eclipse -> sait.x.muh_rta_chint_ma_i_eclipse_3  (sait-rules-content:693)
  sait.x.muh_rta_chint_ma_i_1 -> sait.x.muh_rta_chint_ma_i_1_10  (sait-rules-content:709)
  sait.x.muh_rta_chint_ma_i_1 -> sait.x.muh_rta_chint_ma_i_1_11  (sait-rules-content:723)
  sait.x.b_hat_sa_hit_1_4 -> sait.x.b_hat_sa_hit_1_4_3  (sait-rules-content:751)
  sait.x.per_pit_maha_brahm_tuesday_is -> sait.x.per_pit_maha_brahm_tuesday_is_3  (sait-rules-content:756)
  sait.x.muh_rta_chint_ma_i_2 -> sait.x.muh_rta_chint_ma_i_2_2  (sait-rules-content:764)
  sait.x.muh_rta_chint_ma_i_1 -> sait.x.muh_rta_chint_ma_i_1_12  (sait-rules-content:778)
  sait.x.muh_rta_chint_ma_i_eclipse -> sait.x.muh_rta_chint_ma_i_eclipse_4  (sait-rules-content:785)
  sait.x.muh_rta_chint_ma_i_1 -> sait.x.muh_rta_chint_ma_i_1_13  (sait-rules-content:792)
  sait.x.these_dates_are_computed_by_our -> sait.x.these_dates_are_computed_by_our_4  (sait-rules-content:810)
  sait.x.muh_rta_chint_ma_i_dharma -> sait.x.muh_rta_chint_ma_i_dharma_2  (sait-rules-content:832)
  sait.x.muh_rta_chint_ma_i_2 -> sait.x.muh_rta_chint_ma_i_2_3  (sait-rules-content:846)
  sait.x.muh_rta_chint_ma_i_2 -> sait.x.muh_rta_chint_ma_i_2_4  (sait-rules-content:853)
  sait.x.muh_rta_chint_ma_i_dharma -> sait.x.muh_rta_chint_ma_i_dharma_3  (sait-rules-content:860)
  sait.x.muh_rta_chint_ma_i_1 -> sait.x.muh_rta_chint_ma_i_1_14  (sait-rules-content:874)
  sait.x.these_dates_are_computed_by_our -> sait.x.these_dates_are_computed_by_our_5  (sait-rules-content:897)
  sait.x.muh_rta_chint_ma_i_2 -> sait.x.muh_rta_chint_ma_i_2_5  (sait-rules-content:905)
  sait.x.muh_rta_chint_ma_i_2 -> sait.x.muh_rta_chint_ma_i_2_6  (sait-rules-content:915)
  sait.x.muh_rta_chint_ma_i_2 -> sait.x.muh_rta_chint_ma_i_2_7  (sait-rules-content:925)
  sait.x.muh_rta_chint_ma_i_2 -> sait.x.muh_rta_chint_ma_i_2_8  (sait-rules-content:938)
  sait.x.muh_rta_chint_ma_i_2 -> sait.x.muh_rta_chint_ma_i_2_9  (sait-rules-content:945)
  sait.x.muh_rta_chint_ma_i_5 -> sait.x.muh_rta_chint_ma_i_5_6  (sait-rules-content:968)
  sait.x.muh_rta_chint_ma_i_5 -> sait.x.muh_rta_chint_ma_i_5_7  (sait-rules-content:975)
  sait.x.muh_rta_chint_ma_i_5 -> sait.x.muh_rta_chint_ma_i_5_8  (sait-rules-content:985)
  sait.x.muh_rta_chint_ma_i_5 -> sait.x.muh_rta_chint_ma_i_5_9  (sait-rules-content:995)
  sait.x.muh_rta_chint_ma_i_5 -> sait.x.muh_rta_chint_ma_i_5_10  (sait-rules-content:1005)
  sait.x.muh_rta_chint_ma_i_5 -> sait.x.muh_rta_chint_ma_i_5_11  (sait-rules-content:1012)
  sait.x.muh_rta_chint_ma_i_1 -> sait.x.muh_rta_chint_ma_i_1_15  (sait-rules-content:1019)
  sait.x.muh_rta_chint_ma_i_1 -> sait.x.muh_rta_chint_ma_i_1_16  (sait-rules-content:1032)
  sait.x.muh_rta_chint_ma_i_5 -> sait.x.muh_rta_chint_ma_i_5_12  (sait-rules-content:1058)
